
> whisper-blueprint@0.1.0 build
> next build

  โ–ฒ Next.js 14.2.3

   Creating an optimized production build ...
 โ“ Compiled successfully
   Linting and checking validity of types ...
node.exe : Failed to compile.
At line:1 char:1
+ & "C:\nvm4w\nodejs/node.exe" "C:\Users\2fellows\AppData\Roaming\npm/n ...
+ ~~~~~~~~~~~~~~~~~~~~~~~~~~~~~~~~~~~~~~~~~~~~~~~~~~~~~~~~~~~~~~~~~~~~~
    + CategoryInfo          : NotSpecified: (Failed to compile.:String) [], Rem 
   oteException
    + FullyQualifiedErrorId : NativeCommandError
 

./blueprint-factory/builds/everything-ui-toolkit/src/core/substyle.ts:9:22
Type error: Element implicitly has an 'any' type because expression of type 
'any' can't be used to index type '{ square: string; rounded: string; circle: 
string; }'.

[0m [90m  7 |[39m [36mexport[39m [36mfunction[39m 
resolveSubstyle(s[33m?[39m[33m:[39m any) {[0m
[0m [90m  8 |[39m   [36mif[39m ([33m![39ms) [36mreturn[39m 
[32m""[39m[33m;[39m[0m
[0m[31m[1m>[22m[39m[90m  9 |[39m   [36mreturn[39m [s[33m.[39mshape 
[33m&&[39m [33mSUBSTYLE[39m[33m.[39mshape[s[33m.[39mshape][33m,[39m 
s[33m.[39maspect [33m&&[39m 
[33mSUBSTYLE[39m[33m.[39maspect[s[33m.[39maspect][33m,[39m 
s[33m.[39morientation [33m&&[39m 
[33mSUBSTYLE[39m[33m.[39morientation[s[33m.[39morientation][33m,[39m 
s[33m.[39mgrid [33m&&[39m [33mSUBSTYLE[39m[33m.[39mgrid[s[33m.[39mgrid
]][33m.[39mfilter([33mBoolean[39m)[33m.[39mjoin([32m" 
"[39m)[33m;[39m[0m
[0m [90m    |[39m                      [31m[1m^[22m[39m[0m
[0m [90m 10 |[39m }[0m
